nohup: ignoring input
Device: cuda
Seed: 42
Task: MOSI regression
Fusion: CONCAT
================================================================================
Load MOSI
================================================================================
Total samples: 2199
总样本数：2199
唯一 key 数：2199
重复 key 数：0

Mode distribution:
  train: 1284
  valid: 229
  test: 686

================================================================================
Six-input completeness check
================================================================================
Total samples: 2199
Missing counts: {'audio_llm': 1}
Samples with missing inputs: 1

前 1 个缺失样本：
  index=214 | key=('6_0THN4chvY', '12') | missing=['audio_one_liner_roberta']

================================================================================
Split summary
================================================================================
Train: 1284
Valid: 229
Test: 686
Unknown: 0

================================================================================
TRAIN summary
================================================================================
Task: regression
Samples: 1284
y shape: (1284,)
y dtype: float32
Label min: -3.0
Label max: 3.0
Label mean: 0.2344885915517807
Missing: {'audio_llm': 1}
Used keys: {'text_raw::text_feature': 1284, 'text_llm::text_semantic_explanation_roberta': 1284, 'audio_raw::audio_feature': 1284, 'audio_llm::audio_one_liner_roberta': 1283, 'vision_raw::vision_features': 1284, 'vision_llm::visual_oneline_roberta': 1284}
✅ 所有输入长度一致

================================================================================
VALID summary
================================================================================
Task: regression
Samples: 229
y shape: (229,)
y dtype: float32
Label min: -3.0
Label max: 3.0
Label mean: 0.3095342218875885
Missing: {}
Used keys: {'text_raw::text_feature': 229, 'text_llm::text_semantic_explanation_roberta': 229, 'audio_raw::audio_feature': 229, 'audio_llm::audio_one_liner_roberta': 229, 'vision_raw::vision_features': 229, 'vision_llm::visual_oneline_roberta': 229}
✅ 所有输入长度一致

================================================================================
TEST summary
================================================================================
Task: regression
Samples: 686
y shape: (686,)
y dtype: float32
Label min: -3.0
Label max: 3.0
Label mean: -0.3169825077056885
Missing: {}
Used keys: {'text_raw::text_feature': 686, 'text_llm::text_semantic_explanation_roberta': 686, 'audio_raw::audio_feature': 686, 'audio_llm::audio_one_liner_roberta': 686, 'vision_raw::vision_features': 686, 'vision_llm::visual_oneline_roberta': 686}
✅ 所有输入长度一致

Preprocessing six feature routes...

ContextWindowDataset initialized
Samples: 1284
Videos: 52
Context window C: 5

ContextWindowDataset initialized
Samples: 229
Videos: 10
Context window C: 5

ContextWindowDataset initialized
Samples: 686
Videos: 31
Context window C: 5

✅ Regression sanity check passed.
y dtype: torch.float32
y range in first batch: -2.200000047683716 ~ 2.799999952316284

===== Batch shapes =====
text_x         : (8, 5, 62, 768)
sem_x          : (8, 5, 72, 768)
audio_x        : (8, 5, 561, 1024)
audio_llm_x    : (8, 5, 18, 768)
vision_x       : (8, 5, 11, 2048)
cap_x          : (8, 5, 63, 768)
Example missing ratio: {'miss_text': 0.0, 'miss_audio_raw': 0.0, 'miss_audio_llm': 0.0, 'miss_vision': 0.0}
AMP enabled: True

Checkpoint: ./best_MOSI_regression_concat_seed42_d768.pth

================================================================================
Training
================================================================================

Epoch [1/5]
Train | loss=0.7386 | MAE=0.7386 | Corr=0.7753 | Acc7=0.4190 | Has0-A2=0.8170 | Has0-F1=0.8164 | Non0-A2=0.8302 | Non0-F1=0.8292 | W(t/v/a)=0.356/0.323/0.321
Valid | loss=0.6174 | MAE=0.6174 | Corr=0.8776 | Acc7=0.4716 | Has0-A2=0.8515 | Has0-F1=0.8513 | Non0-A2=0.8704 | Non0-F1=0.8694 | W(t/v/a)=0.365/0.317/0.318 ✅ saved(best-valid-MAE)

Epoch [2/5]
Train | loss=0.6013 | MAE=0.6013 | Corr=0.8507 | Acc7=0.4868 | Has0-A2=0.8614 | Has0-F1=0.8615 | Non0-A2=0.8798 | Non0-F1=0.8796 | W(t/v/a)=0.364/0.317/0.319
Valid | loss=0.6130 | MAE=0.6130 | Corr=0.8795 | Acc7=0.4803 | Has0-A2=0.8603 | Has0-F1=0.8605 | Non0-A2=0.8843 | Non0-F1=0.8838 | W(t/v/a)=0.370/0.313/0.317 ✅ saved(best-valid-MAE)

Epoch [3/5]
Train | loss=0.5941 | MAE=0.5941 | Corr=0.8531 | Acc7=0.4759 | Has0-A2=0.8629 | Has0-F1=0.8633 | Non0-A2=0.8806 | Non0-F1=0.8806 | W(t/v/a)=0.361/0.318/0.320
Valid | loss=0.6012 | MAE=0.6012 | Corr=0.8846 | Acc7=0.4672 | Has0-A2=0.8646 | Has0-F1=0.8645 | Non0-A2=0.8889 | Non0-F1=0.8881 | W(t/v/a)=0.363/0.319/0.318 ✅ saved(best-valid-MAE)

Epoch [4/5]
Train | loss=0.5687 | MAE=0.5687 | Corr=0.8652 | Acc7=0.4930 | Has0-A2=0.8715 | Has0-F1=0.8718 | Non0-A2=0.8903 | Non0-F1=0.8902 | W(t/v/a)=0.361/0.323/0.317
Valid | loss=0.6174 | MAE=0.6174 | Corr=0.8837 | Acc7=0.4629 | Has0-A2=0.8559 | Has0-F1=0.8565 | Non0-A2=0.8843 | Non0-F1=0.8840 | W(t/v/a)=0.361/0.323/0.316

Epoch [5/5]
Train | loss=0.5633 | MAE=0.5633 | Corr=0.8696 | Acc7=0.4930 | Has0-A2=0.8660 | Has0-F1=0.8663 | Non0-A2=0.8855 | Non0-F1=0.8853 | W(t/v/a)=0.361/0.324/0.315
Valid | loss=0.5896 | MAE=0.5896 | Corr=0.8901 | Acc7=0.4803 | Has0-A2=0.8603 | Has0-F1=0.8603 | Non0-A2=0.8843 | Non0-F1=0.8836 | W(t/v/a)=0.357/0.324/0.318 ✅ saved(best-valid-MAE)

Best Valid MAE: 0.589567

Loaded best checkpoint:
./best_MOSI_regression_concat_seed42_d768.pth

================================================================================
BEST VALID RESULTS
================================================================================
N               : 229
MAE             : 0.589567
Corr            : 0.890119
Acc-7           : 0.480349
Has0 Acc-2      : 0.860262
Has0 F1(weighted): 0.860262
Non0 N          : 216
Non0 Acc-2      : 0.884259
Non0 F1(weighted): 0.883559
Voter W(t/v/a)  : 0.357443 / 0.324089 / 0.318468

================================================================================
TEST RESULTS
================================================================================
N               : 686
MAE             : 0.629756
Corr            : 0.853339
Acc-7           : 0.456268
Has0 Acc-2      : 0.854227
Has0 F1(weighted): 0.852802
Non0 N          : 656
Non0 Acc-2      : 0.879573
Non0 F1(weighted): 0.878907
Voter W(t/v/a)  : 0.354141 / 0.326087 / 0.319773
Device: cuda
Seed: 43
Task: MOSI regression
Fusion: CONCAT
================================================================================
Load MOSI
================================================================================
Total samples: 2199
总样本数：2199
唯一 key 数：2199
重复 key 数：0

Mode distribution:
  train: 1284
  valid: 229
  test: 686

================================================================================
Six-input completeness check
================================================================================
Total samples: 2199
Missing counts: {'audio_llm': 1}
Samples with missing inputs: 1

前 1 个缺失样本：
  index=214 | key=('6_0THN4chvY', '12') | missing=['audio_one_liner_roberta']

================================================================================
Split summary
================================================================================
Train: 1284
Valid: 229
Test: 686
Unknown: 0

================================================================================
TRAIN summary
================================================================================
Task: regression
Samples: 1284
y shape: (1284,)
y dtype: float32
Label min: -3.0
Label max: 3.0
Label mean: 0.2344885915517807
Missing: {'audio_llm': 1}
Used keys: {'text_raw::text_feature': 1284, 'text_llm::text_semantic_explanation_roberta': 1284, 'audio_raw::audio_feature': 1284, 'audio_llm::audio_one_liner_roberta': 1283, 'vision_raw::vision_features': 1284, 'vision_llm::visual_oneline_roberta': 1284}
✅ 所有输入长度一致

================================================================================
VALID summary
================================================================================
Task: regression
Samples: 229
y shape: (229,)
y dtype: float32
Label min: -3.0
Label max: 3.0
Label mean: 0.3095342218875885
Missing: {}
Used keys: {'text_raw::text_feature': 229, 'text_llm::text_semantic_explanation_roberta': 229, 'audio_raw::audio_feature': 229, 'audio_llm::audio_one_liner_roberta': 229, 'vision_raw::vision_features': 229, 'vision_llm::visual_oneline_roberta': 229}
✅ 所有输入长度一致

================================================================================
TEST summary
================================================================================
Task: regression
Samples: 686
y shape: (686,)
y dtype: float32
Label min: -3.0
Label max: 3.0
Label mean: -0.3169825077056885
Missing: {}
Used keys: {'text_raw::text_feature': 686, 'text_llm::text_semantic_explanation_roberta': 686, 'audio_raw::audio_feature': 686, 'audio_llm::audio_one_liner_roberta': 686, 'vision_raw::vision_features': 686, 'vision_llm::visual_oneline_roberta': 686}
✅ 所有输入长度一致

Preprocessing six feature routes...

ContextWindowDataset initialized
Samples: 1284
Videos: 52
Context window C: 5

ContextWindowDataset initialized
Samples: 229
Videos: 10
Context window C: 5

ContextWindowDataset initialized
Samples: 686
Videos: 31
Context window C: 5

✅ Regression sanity check passed.
y dtype: torch.float32
y range in first batch: -1.0 ~ 1.7999999523162842

===== Batch shapes =====
text_x         : (8, 5, 43, 768)
sem_x          : (8, 5, 67, 768)
audio_x        : (8, 5, 491, 1024)
audio_llm_x    : (8, 5, 18, 768)
vision_x       : (8, 5, 9, 2048)
cap_x          : (8, 5, 65, 768)
Example missing ratio: {'miss_text': 0.0, 'miss_audio_raw': 0.0, 'miss_audio_llm': 0.0, 'miss_vision': 0.0}
AMP enabled: True

Checkpoint: ./best_MOSI_regression_concat_seed43_d768.pth

================================================================================
Training
================================================================================

Epoch [1/5]
Train | loss=0.7722 | MAE=0.7722 | Corr=0.7379 | Acc7=0.3972 | Has0-A2=0.8037 | Has0-F1=0.8045 | Non0-A2=0.8205 | Non0-F1=0.8207 | W(t/v/a)=0.353/0.328/0.318
Valid | loss=0.6406 | MAE=0.6406 | Corr=0.8730 | Acc7=0.4498 | Has0-A2=0.8603 | Has0-F1=0.8612 | Non0-A2=0.8935 | Non0-F1=0.8936 | W(t/v/a)=0.365/0.322/0.313 ✅ saved(best-valid-MAE)

Epoch [2/5]
Train | loss=0.6041 | MAE=0.6041 | Corr=0.8474 | Acc7=0.4712 | Has0-A2=0.8590 | Has0-F1=0.8594 | Non0-A2=0.8773 | Non0-F1=0.8773 | W(t/v/a)=0.364/0.323/0.312
Valid | loss=0.6227 | MAE=0.6227 | Corr=0.8783 | Acc7=0.4672 | Has0-A2=0.8515 | Has0-F1=0.8520 | Non0-A2=0.8843 | Non0-F1=0.8838 | W(t/v/a)=0.368/0.321/0.311 ✅ saved(best-valid-MAE)

Epoch [3/5]
Train | loss=0.5839 | MAE=0.5839 | Corr=0.8587 | Acc7=0.4922 | Has0-A2=0.8645 | Has0-F1=0.8646 | Non0-A2=0.8822 | Non0-F1=0.8819 | W(t/v/a)=0.365/0.323/0.312
Valid | loss=0.6489 | MAE=0.6489 | Corr=0.8832 | Acc7=0.4585 | Has0-A2=0.8559 | Has0-F1=0.8545 | Non0-A2=0.8704 | Non0-F1=0.8685 | W(t/v/a)=0.365/0.323/0.313

Epoch [4/5]
Train | loss=0.5688 | MAE=0.5688 | Corr=0.8638 | Acc7=0.4875 | Has0-A2=0.8629 | Has0-F1=0.8631 | Non0-A2=0.8830 | Non0-F1=0.8828 | W(t/v/a)=0.368/0.322/0.309
Valid | loss=0.6124 | MAE=0.6124 | Corr=0.8824 | Acc7=0.4629 | Has0-A2=0.8646 | Has0-F1=0.8642 | Non0-A2=0.8796 | Non0-F1=0.8788 | W(t/v/a)=0.367/0.323/0.311 ✅ saved(best-valid-MAE)

Epoch [5/5]
Train | loss=0.5674 | MAE=0.5674 | Corr=0.8676 | Acc7=0.4953 | Has0-A2=0.8676 | Has0-F1=0.8678 | Non0-A2=0.8855 | Non0-F1=0.8853 | W(t/v/a)=0.361/0.321/0.318
Valid | loss=0.6213 | MAE=0.6213 | Corr=0.8856 | Acc7=0.4367 | Has0-A2=0.8472 | Has0-F1=0.8480 | Non0-A2=0.8796 | Non0-F1=0.8794 | W(t/v/a)=0.360/0.321/0.319

Best Valid MAE: 0.612418

Loaded best checkpoint:
./best_MOSI_regression_concat_seed43_d768.pth

================================================================================
BEST VALID RESULTS
================================================================================
N               : 229
MAE             : 0.612418
Corr            : 0.882400
Acc-7           : 0.462882
Has0 Acc-2      : 0.864629
Has0 F1(weighted): 0.864240
Non0 N          : 216
Non0 Acc-2      : 0.879630
Non0 F1(weighted): 0.878775
Voter W(t/v/a)  : 0.366621 / 0.322579 / 0.310800

================================================================================
TEST RESULTS
================================================================================
N               : 686
MAE             : 0.634608
Corr            : 0.848753
Acc-7           : 0.479592
Has0 Acc-2      : 0.852770
Has0 F1(weighted): 0.851916
Non0 N          : 656
Non0 Acc-2      : 0.876524
Non0 F1(weighted): 0.876299
Voter W(t/v/a)  : 0.368181 / 0.323780 / 0.308039
Device: cuda
Seed: 44
Task: MOSI regression
Fusion: CONCAT
================================================================================
Load MOSI
================================================================================
Total samples: 2199
总样本数：2199
唯一 key 数：2199
重复 key 数：0

Mode distribution:
  train: 1284
  valid: 229
  test: 686

================================================================================
Six-input completeness check
================================================================================
Total samples: 2199
Missing counts: {'audio_llm': 1}
Samples with missing inputs: 1

前 1 个缺失样本：
  index=214 | key=('6_0THN4chvY', '12') | missing=['audio_one_liner_roberta']

================================================================================
Split summary
================================================================================
Train: 1284
Valid: 229
Test: 686
Unknown: 0

================================================================================
TRAIN summary
================================================================================
Task: regression
Samples: 1284
y shape: (1284,)
y dtype: float32
Label min: -3.0
Label max: 3.0
Label mean: 0.2344885915517807
Missing: {'audio_llm': 1}
Used keys: {'text_raw::text_feature': 1284, 'text_llm::text_semantic_explanation_roberta': 1284, 'audio_raw::audio_feature': 1284, 'audio_llm::audio_one_liner_roberta': 1283, 'vision_raw::vision_features': 1284, 'vision_llm::visual_oneline_roberta': 1284}
✅ 所有输入长度一致

================================================================================
VALID summary
================================================================================
Task: regression
Samples: 229
y shape: (229,)
y dtype: float32
Label min: -3.0
Label max: 3.0
Label mean: 0.3095342218875885
Missing: {}
Used keys: {'text_raw::text_feature': 229, 'text_llm::text_semantic_explanation_roberta': 229, 'audio_raw::audio_feature': 229, 'audio_llm::audio_one_liner_roberta': 229, 'vision_raw::vision_features': 229, 'vision_llm::visual_oneline_roberta': 229}
✅ 所有输入长度一致

================================================================================
TEST summary
================================================================================
Task: regression
Samples: 686
y shape: (686,)
y dtype: float32
Label min: -3.0
Label max: 3.0
Label mean: -0.3169825077056885
Missing: {}
Used keys: {'text_raw::text_feature': 686, 'text_llm::text_semantic_explanation_roberta': 686, 'audio_raw::audio_feature': 686, 'audio_llm::audio_one_liner_roberta': 686, 'vision_raw::vision_features': 686, 'vision_llm::visual_oneline_roberta': 686}
✅ 所有输入长度一致

Preprocessing six feature routes...

ContextWindowDataset initialized
Samples: 1284
Videos: 52
Context window C: 5

ContextWindowDataset initialized
Samples: 229
Videos: 10
Context window C: 5

ContextWindowDataset initialized
Samples: 686
Videos: 31
Context window C: 5

✅ Regression sanity check passed.
y dtype: torch.float32
y range in first batch: -2.0 ~ 1.600000023841858

===== Batch shapes =====
text_x         : (8, 5, 56, 768)
sem_x          : (8, 5, 68, 768)
audio_x        : (8, 5, 561, 1024)
audio_llm_x    : (8, 5, 18, 768)
vision_x       : (8, 5, 11, 2048)
cap_x          : (8, 5, 63, 768)
Example missing ratio: {'miss_text': 0.0, 'miss_audio_raw': 0.0, 'miss_audio_llm': 0.0, 'miss_vision': 0.0}
AMP enabled: True

Checkpoint: ./best_MOSI_regression_concat_seed44_d768.pth

================================================================================
Training
================================================================================

Epoch [1/5]
Train | loss=0.7569 | MAE=0.7569 | Corr=0.7658 | Acc7=0.4050 | Has0-A2=0.8107 | Has0-F1=0.8109 | Non0-A2=0.8245 | Non0-F1=0.8242 | W(t/v/a)=0.351/0.329/0.320
Valid | loss=0.7155 | MAE=0.7155 | Corr=0.8718 | Acc7=0.4017 | Has0-A2=0.8603 | Has0-F1=0.8597 | Non0-A2=0.8796 | Non0-F1=0.8785 | W(t/v/a)=0.353/0.326/0.320 ✅ saved(best-valid-MAE)

Epoch [2/5]
Train | loss=0.6231 | MAE=0.6231 | Corr=0.8414 | Acc7=0.4712 | Has0-A2=0.8466 | Has0-F1=0.8470 | Non0-A2=0.8668 | Non0-F1=0.8667 | W(t/v/a)=0.355/0.326/0.320
Valid | loss=0.6489 | MAE=0.6489 | Corr=0.8751 | Acc7=0.4279 | Has0-A2=0.8559 | Has0-F1=0.8563 | Non0-A2=0.8889 | Non0-F1=0.8883 | W(t/v/a)=0.352/0.326/0.322 ✅ saved(best-valid-MAE)

Epoch [3/5]
Train | loss=0.5976 | MAE=0.5976 | Corr=0.8528 | Acc7=0.4727 | Has0-A2=0.8575 | Has0-F1=0.8577 | Non0-A2=0.8741 | Non0-F1=0.8740 | W(t/v/a)=0.350/0.327/0.323
Valid | loss=0.7944 | MAE=0.7944 | Corr=0.8770 | Acc7=0.3974 | Has0-A2=0.8472 | Has0-F1=0.8428 | Non0-A2=0.8472 | Non0-F1=0.8428 | W(t/v/a)=0.349/0.327/0.323

Epoch [4/5]
Train | loss=0.5839 | MAE=0.5839 | Corr=0.8595 | Acc7=0.4914 | Has0-A2=0.8606 | Has0-F1=0.8609 | Non0-A2=0.8790 | Non0-F1=0.8789 | W(t/v/a)=0.351/0.325/0.324
Valid | loss=0.6167 | MAE=0.6167 | Corr=0.8796 | Acc7=0.4498 | Has0-A2=0.8472 | Has0-F1=0.8478 | Non0-A2=0.8796 | Non0-F1=0.8792 | W(t/v/a)=0.352/0.324/0.324 ✅ saved(best-valid-MAE)

Epoch [5/5]
Train | loss=0.5678 | MAE=0.5678 | Corr=0.8636 | Acc7=0.4836 | Has0-A2=0.8645 | Has0-F1=0.8648 | Non0-A2=0.8830 | Non0-F1=0.8830 | W(t/v/a)=0.351/0.324/0.325
Valid | loss=0.6075 | MAE=0.6075 | Corr=0.8819 | Acc7=0.5022 | Has0-A2=0.8559 | Has0-F1=0.8560 | Non0-A2=0.8843 | Non0-F1=0.8836 | W(t/v/a)=0.356/0.322/0.322 ✅ saved(best-valid-MAE)

Best Valid MAE: 0.607484

Loaded best checkpoint:
./best_MOSI_regression_concat_seed44_d768.pth

================================================================================
BEST VALID RESULTS
================================================================================
N               : 229
MAE             : 0.607484
Corr            : 0.881908
Acc-7           : 0.502183
Has0 Acc-2      : 0.855895
Has0 F1(weighted): 0.856021
Non0 N          : 216
Non0 Acc-2      : 0.884259
Non0 F1(weighted): 0.883559
Voter W(t/v/a)  : 0.356231 / 0.321843 / 0.321926

================================================================================
TEST RESULTS
================================================================================
N               : 686
MAE             : 0.644508
Corr            : 0.850607
Acc-7           : 0.462099
Has0 Acc-2      : 0.852770
Has0 F1(weighted): 0.851280
Non0 N          : 656
Non0 Acc-2      : 0.884146
Non0 F1(weighted): 0.883621
Voter W(t/v/a)  : 0.352328 / 0.323940 / 0.323733
